// Jest Snapshot v1, https://goo.gl/fbAQLP

exports[`Page renders the Page correctly 1`] = `<DocumentFragment />`;
